// Jest Snapshot v1, https://goo.gl/fbAQLP

exports[`describe/it style tests works 1`] = `"this should work"`;
