// Jest Snapshot v1, https://goo.gl/fbAQLP

exports[`earljs/mocha failing test 1`] = `0.3034235109109409`;

exports[`earljs/mocha successful test 1`] = `2`;

exports[`earljs/mocha successful test 2`] = `2`;
